Copyright 1986-2019 Xilinx, Inc. All Rights Reserved.
-----------------------------------------------------------------------------------------
| Tool Version : Vivado v.2019.1 (win64) Build 2552052 Fri May 24 14:49:42 MDT 2019
| Date         : Mon Feb  3 13:30:22 2020
| Host         : CISS32101 running 64-bit Service Pack 1  (build 7601)
| Command      : report_control_sets -verbose -file TEST_wrapper_control_sets_placed.rpt
| Design       : TEST_wrapper
| Device       : xc7z020
-----------------------------------------------------------------------------------------

Control Set Information

Table of Contents
-----------------
1. Summary
2. Histogram
3. Flip-Flop Distribution
4. Detailed Control Set Information

1. Summary
----------

+----------------------------------------------------------+-------+
|                          Status                          | Count |
+----------------------------------------------------------+-------+
| Total control sets                                       |    85 |
|    Minimum number of control sets                        |    85 |
|    Addition due to synthesis replication                 |     0 |
|    Addition due to physical synthesis replication        |     0 |
| Unused register locations in slices containing registers |   188 |
+----------------------------------------------------------+-------+
* Control sets can be merged at opt_design using control_set_merge or merge_equivalent_drivers
** Run report_qor_suggestions for automated merging and remapping suggestions


2. Histogram
------------

+--------------------+-------+
|       Fanout       | Count |
+--------------------+-------+
| Total control sets |    85 |
| >= 0 to < 4        |     1 |
| >= 4 to < 6        |    25 |
| >= 6 to < 8        |     2 |
| >= 8 to < 10       |     3 |
| >= 10 to < 12      |     1 |
| >= 12 to < 14      |     6 |
| >= 14 to < 16      |     2 |
| >= 16              |    45 |
+--------------------+-------+
* Control sets can be remapped at either synth_design or opt_design


3. Flip-Flop Distribution
-------------------------

+--------------+-----------------------+------------------------+-----------------+--------------+
| Clock Enable | Synchronous Set/Reset | Asynchronous Set/Reset | Total Registers | Total Slices |
+--------------+-----------------------+------------------------+-----------------+--------------+
| No           | No                    | No                     |            1085 |          283 |
| No           | No                    | Yes                    |               0 |            0 |
| No           | Yes                   | No                     |             598 |          193 |
| Yes          | No                    | No                     |             575 |          148 |
| Yes          | No                    | Yes                    |               0 |            0 |
| Yes          | Yes                   | No                     |             618 |          153 |
+--------------+-----------------------+------------------------+-----------------+--------------+


4. Detailed Control Set Information
-----------------------------------

+---------------------------------------------+------------------------------------------------------------------------------------------------------------------------------------------------------------+---------------------------------------------------------------------------------------------------------------------------------------------------+------------------+----------------+
|                 Clock Signal                |                                                                        Enable Signal                                                                       |                                                                  Set/Reset Signal                                                                 | Slice Load Count | Bel Load Count |
+---------------------------------------------+------------------------------------------------------------------------------------------------------------------------------------------------------------+---------------------------------------------------------------------------------------------------------------------------------------------------+------------------+----------------+
|  TEST_i/processing_system7_0/inst/FCLK_CLK0 | TEST_i/ps7_0_axi_periph/s00_couplers/auto_pc/inst/gen_axilite.gen_b2s_conv.axilite_b2s/WR.b_channel_0/bid_fifo_0/bresp_push                                |                                                                                                                                                   |                1 |              2 |
|  TEST_i/processing_system7_0/inst/FCLK_CLK0 |                                                                                                                                                            | TEST_i/rst_ps7_0_100M/U0/EXT_LPF/lpf_int                                                                                                          |                1 |              4 |
|  TEST_i/processing_system7_0/inst/FCLK_CLK0 | TEST_i/SDDR_TT_AXI_wrapper_0/U0/SDDR_TT_AXI_i/TT_CONFIG/U0/AXI_LITE_IPIF_I/I_SLAVE_ATTACHMENT/start2                                                       | TEST_i/SDDR_TT_AXI_wrapper_0/U0/SDDR_TT_AXI_i/TT_CONFIG/U0/AXI_LITE_IPIF_I/I_SLAVE_ATTACHMENT/I_DECODER/cs_ce_clr                                 |                1 |              4 |
|  TEST_i/processing_system7_0/inst/FCLK_CLK0 |                                                                                                                                                            | TEST_i/ps7_0_axi_periph/s00_couplers/auto_pc/inst/gen_axilite.gen_b2s_conv.axilite_b2s/SI_REG/aw.aw_pipe/aresetn_d_reg[0]_0                       |                2 |              4 |
|  TEST_i/processing_system7_0/inst/FCLK_CLK0 |                                                                                                                                                            | TEST_i/ps7_0_axi_periph/s00_couplers/auto_pc/inst/gen_axilite.gen_b2s_conv.axilite_b2s/SI_REG/ar.ar_pipe/aresetn_d_reg[1]_inv_0                   |                2 |              4 |
|  TEST_i/processing_system7_0/inst/FCLK_CLK0 | TEST_i/SDDR_TT_AXI_wrapper_0/U0/SDDR_TT_AXI_i/DELAY/U0/AXI_LITE_IPIF_I/I_SLAVE_ATTACHMENT/start2                                                           | TEST_i/SDDR_TT_AXI_wrapper_0/U0/SDDR_TT_AXI_i/DELAY/U0/AXI_LITE_IPIF_I/I_SLAVE_ATTACHMENT/I_DECODER/cs_ce_clr                                     |                1 |              4 |
|  TEST_i/processing_system7_0/inst/FCLK_CLK0 |                                                                                                                                                            | TEST_i/SDDR_TT_AXI_wrapper_0/U0/SDDR_TT_AXI_i/UTIL/U0/AXI_LITE_IPIF_I/I_SLAVE_ATTACHMENT/clear                                                    |                1 |              4 |
|  TEST_i/processing_system7_0/inst/FCLK_CLK0 | TEST_i/SDDR_TT_AXI_wrapper_0/U0/SDDR_TT_AXI_i/DELAY/U0/AXI_LITE_IPIF_I/I_SLAVE_ATTACHMENT/bus2ip_addr_i[8]_i_1_n_0                                         | TEST_i/SDDR_TT_AXI_wrapper_0/U0/SDDR_TT_AXI_i/DELAY/U0/AXI_LITE_IPIF_I/I_SLAVE_ATTACHMENT/SR[0]                                                   |                1 |              4 |
|  TEST_i/clk_wiz_0/inst/clk_out2             |                                                                                                                                                            | TEST_i/SDDR_TT_AXI_wrapper_0/U0/SDDR_TT_AXI_i/util_vector_logic_0/Res[0]                                                                          |                1 |              4 |
|  TEST_i/processing_system7_0/inst/FCLK_CLK0 |                                                                                                                                                            | TEST_i/SDDR_TT_AXI_wrapper_0/U0/SDDR_TT_AXI_i/TT_CONFIG/U0/AXI_LITE_IPIF_I/I_SLAVE_ATTACHMENT/clear                                               |                1 |              4 |
|  TEST_i/processing_system7_0/inst/FCLK_CLK0 | TEST_i/SDDR_TT_AXI_wrapper_0/U0/SDDR_TT_AXI_i/UTIL/U0/AXI_LITE_IPIF_I/I_SLAVE_ATTACHMENT/bus2ip_addr_i[8]_i_1_n_0                                          | TEST_i/SDDR_TT_AXI_wrapper_0/U0/SDDR_TT_AXI_i/UTIL/U0/AXI_LITE_IPIF_I/I_SLAVE_ATTACHMENT/SR[0]                                                    |                1 |              4 |
|  TEST_i/processing_system7_0/inst/FCLK_CLK0 | TEST_i/SDDR_TT_AXI_wrapper_0/U0/SDDR_TT_AXI_i/UTIL/U0/AXI_LITE_IPIF_I/I_SLAVE_ATTACHMENT/I_DECODER/bus2ip_rnw_i_reg[0]                                     | TEST_i/SDDR_TT_AXI_wrapper_0/U0/SDDR_TT_AXI_i/UTIL/U0/AXI_LITE_IPIF_I/I_SLAVE_ATTACHMENT/SR[0]                                                    |                1 |              4 |
|  TEST_i/processing_system7_0/inst/FCLK_CLK0 |                                                                                                                                                            | TEST_i/SDDR_TT_AXI_wrapper_0/U0/SDDR_TT_AXI_i/DELAY/U0/AXI_LITE_IPIF_I/I_SLAVE_ATTACHMENT/clear                                                   |                1 |              4 |
|  TEST_i/processing_system7_0/inst/FCLK_CLK0 | TEST_i/SDDR_TT_AXI_wrapper_0/U0/SDDR_TT_AXI_i/TT_CONFIG/U0/AXI_LITE_IPIF_I/I_SLAVE_ATTACHMENT/bus2ip_addr_i[8]_i_1_n_0                                     | TEST_i/SDDR_TT_AXI_wrapper_0/U0/SDDR_TT_AXI_i/TT_CONFIG/U0/AXI_LITE_IPIF_I/I_SLAVE_ATTACHMENT/SR[0]                                               |                2 |              4 |
|  TEST_i/processing_system7_0/inst/FCLK_CLK0 |                                                                                                                                                            | TEST_i/SDDR_TT_AXI_wrapper_0/U0/SDDR_TT_AXI_i/DATA0/U0/AXI_LITE_IPIF_I/I_SLAVE_ATTACHMENT/clear                                                   |                1 |              4 |
|  TEST_i/processing_system7_0/inst/FCLK_CLK0 | TEST_i/SDDR_TT_AXI_wrapper_0/U0/SDDR_TT_AXI_i/DATA1/U0/AXI_LITE_IPIF_I/I_SLAVE_ATTACHMENT/start2                                                           | TEST_i/SDDR_TT_AXI_wrapper_0/U0/SDDR_TT_AXI_i/DATA1/U0/AXI_LITE_IPIF_I/I_SLAVE_ATTACHMENT/I_DECODER/cs_ce_clr                                     |                1 |              4 |
|  TEST_i/processing_system7_0/inst/FCLK_CLK0 |                                                                                                                                                            | TEST_i/SDDR_TT_AXI_wrapper_0/U0/SDDR_TT_AXI_i/DATA1/U0/AXI_LITE_IPIF_I/I_SLAVE_ATTACHMENT/clear                                                   |                1 |              4 |
|  TEST_i/processing_system7_0/inst/FCLK_CLK0 | TEST_i/SDDR_TT_AXI_wrapper_0/U0/SDDR_TT_AXI_i/DATA1/U0/AXI_LITE_IPIF_I/I_SLAVE_ATTACHMENT/bus2ip_addr_i[8]_i_1_n_0                                         | TEST_i/SDDR_TT_AXI_wrapper_0/U0/SDDR_TT_AXI_i/DATA1/U0/AXI_LITE_IPIF_I/I_SLAVE_ATTACHMENT/SR[0]                                                   |                2 |              4 |
|  TEST_i/processing_system7_0/inst/FCLK_CLK0 | TEST_i/SDDR_TT_AXI_wrapper_0/U0/SDDR_TT_AXI_i/DATA0/U0/AXI_LITE_IPIF_I/I_SLAVE_ATTACHMENT/start2                                                           | TEST_i/SDDR_TT_AXI_wrapper_0/U0/SDDR_TT_AXI_i/DATA0/U0/AXI_LITE_IPIF_I/I_SLAVE_ATTACHMENT/I_DECODER/cs_ce_clr                                     |                1 |              4 |
|  TEST_i/processing_system7_0/inst/FCLK_CLK0 | TEST_i/SDDR_TT_AXI_wrapper_0/U0/SDDR_TT_AXI_i/UTIL/U0/AXI_LITE_IPIF_I/I_SLAVE_ATTACHMENT/start2                                                            | TEST_i/SDDR_TT_AXI_wrapper_0/U0/SDDR_TT_AXI_i/UTIL/U0/AXI_LITE_IPIF_I/I_SLAVE_ATTACHMENT/I_DECODER/cs_ce_clr                                      |                1 |              4 |
|  TEST_i/processing_system7_0/inst/FCLK_CLK0 | TEST_i/SDDR_TT_AXI_wrapper_0/U0/SDDR_TT_AXI_i/DATA0/U0/AXI_LITE_IPIF_I/I_SLAVE_ATTACHMENT/bus2ip_addr_i[8]_i_1_n_0                                         | TEST_i/SDDR_TT_AXI_wrapper_0/U0/SDDR_TT_AXI_i/DATA0/U0/AXI_LITE_IPIF_I/I_SLAVE_ATTACHMENT/SR[0]                                                   |                1 |              4 |
|  TEST_i/processing_system7_0/inst/FCLK_CLK0 | TEST_i/ps7_0_axi_periph/s00_couplers/auto_pc/inst/gen_axilite.gen_b2s_conv.axilite_b2s/RD.r_channel_0/transaction_fifo_0/E[0]                              | TEST_i/ps7_0_axi_periph/s00_couplers/auto_pc/inst/gen_axilite.gen_b2s_conv.axilite_b2s/areset_d1                                                  |                2 |              5 |
|  TEST_i/processing_system7_0/inst/FCLK_CLK0 | TEST_i/SDDR_TT_AXI_wrapper_0/U0/SDDR_TT_AXI_i/UTIL/U0/AXI_LITE_IPIF_I/I_SLAVE_ATTACHMENT/s_axi_rresp_i                                                     | TEST_i/SDDR_TT_AXI_wrapper_0/U0/SDDR_TT_AXI_i/UTIL/U0/AXI_LITE_IPIF_I/I_SLAVE_ATTACHMENT/SR[0]                                                    |                1 |              5 |
|  TEST_i/processing_system7_0/inst/FCLK_CLK0 | TEST_i/ps7_0_axi_periph/s00_couplers/auto_pc/inst/gen_axilite.gen_b2s_conv.axilite_b2s/RD.ar_channel_0/ar_cmd_fsm_0/FSM_sequential_state_reg[0]_0          | TEST_i/ps7_0_axi_periph/s00_couplers/auto_pc/inst/gen_axilite.gen_b2s_conv.axilite_b2s/RD.ar_channel_0/ar_cmd_fsm_0/FSM_sequential_state_reg[1]_0 |                3 |              5 |
|  TEST_i/processing_system7_0/inst/FCLK_CLK0 | TEST_i/ps7_0_axi_periph/s00_couplers/auto_pc/inst/gen_axilite.gen_b2s_conv.axilite_b2s/WR.aw_channel_0/aw_cmd_fsm_0/state_reg[0]_1                         | TEST_i/ps7_0_axi_periph/s00_couplers/auto_pc/inst/gen_axilite.gen_b2s_conv.axilite_b2s/WR.aw_channel_0/aw_cmd_fsm_0/state_reg[0]_0                |                2 |              5 |
|  TEST_i/processing_system7_0/inst/FCLK_CLK0 | TEST_i/ps7_0_axi_periph/s00_couplers/auto_pc/inst/gen_axilite.gen_b2s_conv.axilite_b2s/RD.r_channel_0/transaction_fifo_0/cnt_read[4]_i_1_n_0               | TEST_i/ps7_0_axi_periph/s00_couplers/auto_pc/inst/gen_axilite.gen_b2s_conv.axilite_b2s/areset_d1                                                  |                2 |              5 |
|  TEST_i/processing_system7_0/inst/FCLK_CLK0 | TEST_i/rst_ps7_0_100M/U0/SEQ/seq_cnt_en                                                                                                                    | TEST_i/rst_ps7_0_100M/U0/SEQ/SEQ_COUNTER/clear                                                                                                    |                1 |              6 |
|  TEST_i/processing_system7_0/inst/FCLK_CLK0 |                                                                                                                                                            | TEST_i/SDDR_TT_AXI_wrapper_0/U0/SDDR_TT_AXI_i/UTIL/U0/AXI_LITE_IPIF_I/I_SLAVE_ATTACHMENT/I_DECODER/bus2ip_rnw_i_reg_0                             |                2 |              7 |
|  TEST_i/processing_system7_0/inst/FCLK_CLK0 | TEST_i/ps7_0_axi_periph/s00_couplers/auto_pc/inst/gen_axilite.gen_b2s_conv.axilite_b2s/WR.b_channel_0/mhandshake_r                                         | TEST_i/ps7_0_axi_periph/s00_couplers/auto_pc/inst/gen_axilite.gen_b2s_conv.axilite_b2s/WR.b_channel_0/bid_fifo_0/SR[0]                            |                2 |              8 |
|  TEST_i/processing_system7_0/inst/FCLK_CLK0 | TEST_i/SDDR_TT_AXI_wrapper_0/U0/SDDR_TT_AXI_i/DELAY/U0/AXI_LITE_IPIF_I/I_SLAVE_ATTACHMENT/I_DECODER/bus2ip_rnw_i_reg_1[0]                                  | TEST_i/SDDR_TT_AXI_wrapper_0/U0/SDDR_TT_AXI_i/DELAY/U0/AXI_LITE_IPIF_I/I_SLAVE_ATTACHMENT/SR[0]                                                   |                1 |              8 |
|  TEST_i/clk_wiz_0/inst/clk_out2             | TEST_i/SDDR_TT_AXI_wrapper_0/U0/SDDR_TT_AXI_i/SDDR_TT_0/U0/T1[31]_i_2_n_0                                                                                  |                                                                                                                                                   |                6 |              8 |
|  TEST_i/processing_system7_0/inst/FCLK_CLK0 |                                                                                                                                                            | TEST_i/ps7_0_axi_periph/s00_couplers/auto_pc/inst/gen_axilite.gen_b2s_conv.axilite_b2s/areset_d1                                                  |                5 |             10 |
|  TEST_i/processing_system7_0/inst/FCLK_CLK0 | TEST_i/ps7_0_axi_periph/s00_couplers/auto_pc/inst/gen_axilite.gen_b2s_conv.axilite_b2s/WR.aw_channel_0/aw_cmd_fsm_0/E[0]                                   |                                                                                                                                                   |                5 |             12 |
|  TEST_i/processing_system7_0/inst/FCLK_CLK0 | TEST_i/ps7_0_axi_periph/s00_couplers/auto_pc/inst/gen_axilite.gen_b2s_conv.axilite_b2s/RD.ar_channel_0/ar_cmd_fsm_0/E[0]                                   |                                                                                                                                                   |                2 |             12 |
|  TEST_i/processing_system7_0/inst/FCLK_CLK0 | TEST_i/ps7_0_axi_periph/s00_couplers/auto_pc/inst/gen_axilite.gen_b2s_conv.axilite_b2s/WR.aw_channel_0/cmd_translator_0/incr_cmd_0/axaddr_incr[11]_i_1_n_0 |                                                                                                                                                   |                2 |             12 |
|  TEST_i/processing_system7_0/inst/FCLK_CLK0 | TEST_i/ps7_0_axi_periph/s00_couplers/auto_pc/inst/gen_axilite.gen_b2s_conv.axilite_b2s/RD.ar_channel_0/ar_cmd_fsm_0/FSM_sequential_state_reg[1]_2[0]       |                                                                                                                                                   |                5 |             12 |
|  TEST_i/processing_system7_0/inst/FCLK_CLK0 |                                                                                                                                                            | TEST_i/ps7_0_axi_periph/xbar/inst/gen_sasd.crossbar_sasd_0/addr_arbiter_inst/SR[0]                                                                |                6 |             13 |
|  TEST_i/processing_system7_0/inst/FCLK_CLK0 | TEST_i/ps7_0_axi_periph/s00_couplers/auto_pc/inst/gen_axilite.gen_b2s_conv.axilite_b2s/RD.r_channel_0/r_push_r                                             |                                                                                                                                                   |                4 |             13 |
|  TEST_i/processing_system7_0/inst/FCLK_CLK0 | TEST_i/ps7_0_axi_periph/s00_couplers/auto_pc/inst/gen_axilite.gen_b2s_conv.axilite_b2s/SI_REG/b.b_pipe/p_1_in                                              |                                                                                                                                                   |                2 |             14 |
|  TEST_i/processing_system7_0/inst/FCLK_CLK0 | TEST_i/ps7_0_axi_periph/s00_couplers/auto_pc/inst/gen_axilite.gen_b2s_conv.axilite_b2s/SI_REG/b.b_pipe/s_ready_i_reg_0                                     |                                                                                                                                                   |                2 |             14 |
|  TEST_i/processing_system7_0/inst/FCLK_CLK0 | TEST_i/ps7_0_axi_periph/s00_couplers/auto_pc/inst/gen_axilite.gen_b2s_conv.axilite_b2s/WR.aw_channel_0/aw_cmd_fsm_0/b_push                                 |                                                                                                                                                   |                3 |             16 |
|  TEST_i/processing_system7_0/inst/FCLK_CLK0 | TEST_i/ps7_0_axi_periph/xbar/inst/gen_sasd.crossbar_sasd_0/addr_arbiter_inst/p_0_in1_in                                                                    | TEST_i/ps7_0_axi_periph/xbar/inst/gen_sasd.crossbar_sasd_0/addr_arbiter_inst/SR[0]                                                                |                7 |             19 |
|  TEST_i/processing_system7_0/inst/FCLK_CLK0 | TEST_i/ps7_0_axi_periph/s00_couplers/auto_pc/inst/gen_axilite.gen_b2s_conv.axilite_b2s/WR.aw_channel_0/aw_cmd_fsm_0/state_reg[0]_1                         |                                                                                                                                                   |                9 |             21 |
|  TEST_i/processing_system7_0/inst/FCLK_CLK0 | TEST_i/ps7_0_axi_periph/s00_couplers/auto_pc/inst/gen_axilite.gen_b2s_conv.axilite_b2s/RD.ar_channel_0/ar_cmd_fsm_0/FSM_sequential_state_reg[0]_0          |                                                                                                                                                   |                8 |             21 |
|  TEST_i/clk_wiz_0/inst/clk_out2             | TEST_i/SDDR_TT_AXI_wrapper_0/U0/SDDR_TT_AXI_i/fifo_generator_0/U0/inst_fifo_gen/gconvfifo.rf/grf.rf/gntv_or_sync_fifo.gl0.rd/grss.rsts/E[0]                | TEST_i/SDDR_TT_AXI_wrapper_0/U0/SDDR_TT_AXI_i/util_vector_logic_0/Res[0]                                                                          |                4 |             22 |
|  TEST_i/clk_wiz_0/inst/clk_out2             | TEST_i/SDDR_TT_AXI_wrapper_0/U0/SDDR_TT_AXI_i/fifo_generator_0/U0/inst_fifo_gen/gconvfifo.rf/grf.rf/gntv_or_sync_fifo.gl0.wr/gwss.wsts/wr_en_buf_reg[0]    | TEST_i/SDDR_TT_AXI_wrapper_0/U0/SDDR_TT_AXI_i/util_vector_logic_0/Res[0]                                                                          |                7 |             22 |
|  TEST_i/processing_system7_0/inst/FCLK_CLK0 |                                                                                                                                                            | TEST_i/SDDR_TT_AXI_wrapper_0/U0/SDDR_TT_AXI_i/UTIL/U0/AXI_LITE_IPIF_I/I_SLAVE_ATTACHMENT/SR[0]                                                    |                9 |             23 |
|  TEST_i/clk_wiz_0/inst/clk_out2             |                                                                                                                                                            |                                                                                                                                                   |               14 |             30 |
|  TEST_i/processing_system7_0/inst/FCLK_CLK0 | TEST_i/SDDR_TT_AXI_wrapper_0/U0/SDDR_TT_AXI_i/DATA0/U0/AXI_LITE_IPIF_I/I_SLAVE_ATTACHMENT/s_axi_rresp_i                                                    | TEST_i/SDDR_TT_AXI_wrapper_0/U0/SDDR_TT_AXI_i/DATA0/U0/AXI_LITE_IPIF_I/I_SLAVE_ATTACHMENT/SR[0]                                                   |                7 |             32 |
|  TEST_i/processing_system7_0/inst/FCLK_CLK0 | TEST_i/SDDR_TT_AXI_wrapper_0/U0/SDDR_TT_AXI_i/DATA1/U0/AXI_LITE_IPIF_I/I_SLAVE_ATTACHMENT/s_axi_rresp_i                                                    | TEST_i/SDDR_TT_AXI_wrapper_0/U0/SDDR_TT_AXI_i/DATA1/U0/AXI_LITE_IPIF_I/I_SLAVE_ATTACHMENT/SR[0]                                                   |                8 |             32 |
|  TEST_i/processing_system7_0/inst/FCLK_CLK0 | TEST_i/SDDR_TT_AXI_wrapper_0/U0/SDDR_TT_AXI_i/DATA1/U0/AXI_LITE_IPIF_I/I_SLAVE_ATTACHMENT/I_DECODER/bus2ip_rnw_i_reg[0]                                    | TEST_i/SDDR_TT_AXI_wrapper_0/U0/SDDR_TT_AXI_i/DATA1/U0/AXI_LITE_IPIF_I/I_SLAVE_ATTACHMENT/SR[0]                                                   |                6 |             32 |
|  TEST_i/processing_system7_0/inst/FCLK_CLK0 | TEST_i/SDDR_TT_AXI_wrapper_0/U0/SDDR_TT_AXI_i/DATA1/U0/AXI_LITE_IPIF_I/I_SLAVE_ATTACHMENT/I_DECODER/E[0]                                                   | TEST_i/SDDR_TT_AXI_wrapper_0/U0/SDDR_TT_AXI_i/DATA1/U0/AXI_LITE_IPIF_I/I_SLAVE_ATTACHMENT/SR[0]                                                   |                6 |             32 |
|  TEST_i/processing_system7_0/inst/FCLK_CLK0 | TEST_i/SDDR_TT_AXI_wrapper_0/U0/SDDR_TT_AXI_i/DATA0/U0/AXI_LITE_IPIF_I/I_SLAVE_ATTACHMENT/I_DECODER/E[0]                                                   | TEST_i/SDDR_TT_AXI_wrapper_0/U0/SDDR_TT_AXI_i/DATA0/U0/AXI_LITE_IPIF_I/I_SLAVE_ATTACHMENT/SR[0]                                                   |                5 |             32 |
|  TEST_i/processing_system7_0/inst/FCLK_CLK0 | TEST_i/SDDR_TT_AXI_wrapper_0/U0/SDDR_TT_AXI_i/TT_CONFIG/U0/AXI_LITE_IPIF_I/I_SLAVE_ATTACHMENT/I_DECODER/E[0]                                               | TEST_i/SDDR_TT_AXI_wrapper_0/U0/SDDR_TT_AXI_i/TT_CONFIG/U0/AXI_LITE_IPIF_I/I_SLAVE_ATTACHMENT/SR[0]                                               |                6 |             32 |
|  TEST_i/processing_system7_0/inst/FCLK_CLK0 | TEST_i/SDDR_TT_AXI_wrapper_0/U0/SDDR_TT_AXI_i/TT_CONFIG/U0/AXI_LITE_IPIF_I/I_SLAVE_ATTACHMENT/s_axi_rresp_i                                                | TEST_i/SDDR_TT_AXI_wrapper_0/U0/SDDR_TT_AXI_i/TT_CONFIG/U0/AXI_LITE_IPIF_I/I_SLAVE_ATTACHMENT/SR[0]                                               |                7 |             32 |
|  TEST_i/processing_system7_0/inst/FCLK_CLK0 | TEST_i/SDDR_TT_AXI_wrapper_0/U0/SDDR_TT_AXI_i/DELAY/U0/AXI_LITE_IPIF_I/I_SLAVE_ATTACHMENT/I_DECODER/E[0]                                                   | TEST_i/SDDR_TT_AXI_wrapper_0/U0/SDDR_TT_AXI_i/DELAY/U0/AXI_LITE_IPIF_I/I_SLAVE_ATTACHMENT/SR[0]                                                   |                9 |             32 |
|  TEST_i/clk_wiz_0/inst/clk_out2             |                                                                                                                                                            | TEST_i/SDDR_TT_AXI_wrapper_0/U0/SDDR_TT_AXI_i/SDDR_TT_0/U0/ctr_rst                                                                                |                8 |             32 |
|  TEST_i/processing_system7_0/inst/FCLK_CLK0 | TEST_i/SDDR_TT_AXI_wrapper_0/U0/SDDR_TT_AXI_i/DELAY/U0/AXI_LITE_IPIF_I/I_SLAVE_ATTACHMENT/s_axi_rresp_i                                                    | TEST_i/SDDR_TT_AXI_wrapper_0/U0/SDDR_TT_AXI_i/DELAY/U0/AXI_LITE_IPIF_I/I_SLAVE_ATTACHMENT/SR[0]                                                   |                7 |             32 |
|  TEST_i/processing_system7_0/inst/FCLK_CLK0 | TEST_i/SDDR_TT_AXI_wrapper_0/U0/SDDR_TT_AXI_i/DATA0/U0/AXI_LITE_IPIF_I/I_SLAVE_ATTACHMENT/I_DECODER/bus2ip_rnw_i_reg[0]                                    | TEST_i/SDDR_TT_AXI_wrapper_0/U0/SDDR_TT_AXI_i/DATA0/U0/AXI_LITE_IPIF_I/I_SLAVE_ATTACHMENT/SR[0]                                                   |                8 |             32 |
|  TEST_i/clk_wiz_0/inst/clk_out2             | TEST_i/SDDR_TT_AXI_wrapper_0/U0/SDDR_TT_AXI_i/SDDR_TT_0/U0/pD4_4                                                                                           |                                                                                                                                                   |               13 |             32 |
|  TEST_i/clk_wiz_0/inst/clk_out2             | TEST_i/SDDR_TT_AXI_wrapper_0/U0/SDDR_TT_AXI_i/SDDR_TT_0/U0/pD3_3                                                                                           |                                                                                                                                                   |                8 |             32 |
|  TEST_i/clk_wiz_0/inst/clk_out2             | TEST_i/SDDR_TT_AXI_wrapper_0/U0/SDDR_TT_AXI_i/SDDR_TT_0/U0/pD2_2                                                                                           |                                                                                                                                                   |               11 |             32 |
|  TEST_i/clk_wiz_0/inst/clk_out2             | TEST_i/SDDR_TT_AXI_wrapper_0/U0/SDDR_TT_AXI_i/SDDR_TT_0/U0/pD1_1                                                                                           |                                                                                                                                                   |                7 |             32 |
|  TEST_i/processing_system7_0/inst/FCLK_CLK0 | TEST_i/ps7_0_axi_periph/s00_couplers/auto_pc/inst/gen_axilite.gen_b2s_conv.axilite_b2s/RD.r_channel_0/rd_data_fifo_0/wr_en0                                |                                                                                                                                                   |                9 |             34 |
|  TEST_i/processing_system7_0/inst/FCLK_CLK0 |                                                                                                                                                            | TEST_i/SDDR_TT_AXI_wrapper_0/U0/SDDR_TT_AXI_i/TT_CONFIG/U0/AXI_LITE_IPIF_I/I_SLAVE_ATTACHMENT/I_DECODER/bus2ip_rnw_i_reg_0                        |                7 |             35 |
|  TEST_i/processing_system7_0/inst/FCLK_CLK0 | TEST_i/ps7_0_axi_periph/xbar/inst/gen_sasd.crossbar_sasd_0/addr_arbiter_inst/E[0]                                                                          |                                                                                                                                                   |               11 |             35 |
|  TEST_i/clk_wiz_0/inst/clk_out2             | TEST_i/SDDR_TT_AXI_wrapper_0/U0/SDDR_TT_AXI_i/SDDR_TT_0/U0/T1[31]_i_2_n_0                                                                                  | TEST_i/SDDR_TT_AXI_wrapper_0/U0/SDDR_TT_AXI_i/SDDR_TT_0/U0/T1[31]_i_1_n_0                                                                         |                8 |             36 |
|  TEST_i/clk_wiz_0/inst/clk_out2             | TEST_i/SDDR_TT_AXI_wrapper_0/U0/SDDR_TT_AXI_i/SDDR_TT_0/U0/T1[31]_i_2_n_0                                                                                  | TEST_i/SDDR_TT_AXI_wrapper_0/U0/SDDR_TT_AXI_i/SDDR_TT_0/U0/T4[31]_i_1_n_0                                                                         |               10 |             36 |
|  TEST_i/clk_wiz_0/inst/clk_out2             | TEST_i/SDDR_TT_AXI_wrapper_0/U0/SDDR_TT_AXI_i/SDDR_TT_0/U0/T1[31]_i_2_n_0                                                                                  | TEST_i/SDDR_TT_AXI_wrapper_0/U0/SDDR_TT_AXI_i/SDDR_TT_0/U0/T2[31]_i_1_n_0                                                                         |               12 |             36 |
|  TEST_i/clk_wiz_0/inst/clk_out2             | TEST_i/SDDR_TT_AXI_wrapper_0/U0/SDDR_TT_AXI_i/SDDR_TT_0/U0/T1[31]_i_2_n_0                                                                                  | TEST_i/SDDR_TT_AXI_wrapper_0/U0/SDDR_TT_AXI_i/SDDR_TT_0/U0/T3[31]_i_1_n_0                                                                         |                9 |             36 |
|  TEST_i/processing_system7_0/inst/FCLK_CLK0 |                                                                                                                                                            | TEST_i/SDDR_TT_AXI_wrapper_0/U0/SDDR_TT_AXI_i/DELAY/U0/AXI_LITE_IPIF_I/I_SLAVE_ATTACHMENT/I_DECODER/bus2ip_rnw_i_reg_2                            |               12 |             40 |
|  TEST_i/processing_system7_0/inst/FCLK_CLK0 |                                                                                                                                                            | TEST_i/SDDR_TT_AXI_wrapper_0/U0/SDDR_TT_AXI_i/DELAY/U0/AXI_LITE_IPIF_I/I_SLAVE_ATTACHMENT/SR[0]                                                   |               13 |             47 |
|  TEST_i/processing_system7_0/inst/FCLK_CLK0 | TEST_i/ps7_0_axi_periph/s00_couplers/auto_pc/inst/gen_axilite.gen_b2s_conv.axilite_b2s/SI_REG/r.r_pipe/p_1_in                                              |                                                                                                                                                   |               10 |             47 |
|  TEST_i/processing_system7_0/inst/FCLK_CLK0 |                                                                                                                                                            | TEST_i/SDDR_TT_AXI_wrapper_0/U0/SDDR_TT_AXI_i/DATA1/U0/AXI_LITE_IPIF_I/I_SLAVE_ATTACHMENT/SR[0]                                                   |               15 |             47 |
|  TEST_i/processing_system7_0/inst/FCLK_CLK0 |                                                                                                                                                            | TEST_i/SDDR_TT_AXI_wrapper_0/U0/SDDR_TT_AXI_i/DATA0/U0/AXI_LITE_IPIF_I/I_SLAVE_ATTACHMENT/SR[0]                                                   |               15 |             47 |
|  TEST_i/processing_system7_0/inst/FCLK_CLK0 | TEST_i/ps7_0_axi_periph/s00_couplers/auto_pc/inst/gen_axilite.gen_b2s_conv.axilite_b2s/SI_REG/r.r_pipe/s_ready_i_reg_0                                     |                                                                                                                                                   |               10 |             47 |
|  TEST_i/processing_system7_0/inst/FCLK_CLK0 | TEST_i/ps7_0_axi_periph/s00_couplers/auto_pc/inst/gen_axilite.gen_b2s_conv.axilite_b2s/RD.ar_channel_0/ar_cmd_fsm_0/FSM_sequential_state_reg[1]_3[0]       |                                                                                                                                                   |               10 |             48 |
|  TEST_i/processing_system7_0/inst/FCLK_CLK0 | TEST_i/ps7_0_axi_periph/s00_couplers/auto_pc/inst/gen_axilite.gen_b2s_conv.axilite_b2s/WR.aw_channel_0/aw_cmd_fsm_0/m_valid_i_reg[0]                       |                                                                                                                                                   |                8 |             48 |
|  TEST_i/processing_system7_0/inst/FCLK_CLK0 | TEST_i/ps7_0_axi_periph/s00_couplers/auto_pc/inst/gen_axilite.gen_b2s_conv.axilite_b2s/SI_REG/aw.aw_pipe/s_ready_i_reg_0                                   |                                                                                                                                                   |                8 |             48 |
|  TEST_i/processing_system7_0/inst/FCLK_CLK0 | TEST_i/ps7_0_axi_periph/s00_couplers/auto_pc/inst/gen_axilite.gen_b2s_conv.axilite_b2s/SI_REG/ar.ar_pipe/s_ready_i_reg_0                                   |                                                                                                                                                   |               11 |             48 |
|  TEST_i/processing_system7_0/inst/FCLK_CLK0 |                                                                                                                                                            | TEST_i/SDDR_TT_AXI_wrapper_0/U0/SDDR_TT_AXI_i/TT_CONFIG/U0/AXI_LITE_IPIF_I/I_SLAVE_ATTACHMENT/SR[0]                                               |               17 |             50 |
|  TEST_i/processing_system7_0/inst/FCLK_CLK0 |                                                                                                                                                            | TEST_i/SDDR_TT_AXI_wrapper_0/U0/SDDR_TT_AXI_i/DATA1/U0/AXI_LITE_IPIF_I/I_SLAVE_ATTACHMENT/I_DECODER/bus2ip_rnw_i_reg_2                            |               22 |             64 |
|  TEST_i/processing_system7_0/inst/FCLK_CLK0 |                                                                                                                                                            | TEST_i/SDDR_TT_AXI_wrapper_0/U0/SDDR_TT_AXI_i/DATA0/U0/AXI_LITE_IPIF_I/I_SLAVE_ATTACHMENT/I_DECODER/bus2ip_rnw_i_reg_2                            |               19 |             64 |
|  TEST_i/clk_wiz_0/inst/clk_out2             |                                                                                                                                                            | TEST_i/SDDR_TT_AXI_wrapper_0/U0/SDDR_TT_AXI_i/SDDR_TT_0/U0/ilistening_i_1_n_0                                                                     |               32 |             83 |
|  TEST_i/processing_system7_0/inst/FCLK_CLK0 |                                                                                                                                                            |                                                                                                                                                   |              270 |           1056 |
+---------------------------------------------+------------------------------------------------------------------------------------------------------------------------------------------------------------+---------------------------------------------------------------------------------------------------------------------------------------------------+------------------+----------------+


